[2026-04-22 01:23:50] [INFO] PedidoStatusController - REQUISIÇÃO | {"method":"GET","id":"77","input":[]}
[2026-04-22 01:23:50] [INFO] PedidoStatusController - REQUISIÇÃO | {"method":"GET","id":"72","input":[]}
[2026-04-22 01:23:50] [INFO] PedidoStatusController - REQUISIÇÃO | {"method":"GET","id":"35","input":[]}
[2026-04-22 01:23:50] [INFO] PedidoStatusController - REQUISIÇÃO | {"method":"GET","id":"10","input":[]}
[2026-04-22 01:23:50] [INFO] PedidoStatusController - REQUISIÇÃO | {"method":"GET","id":"8","input":[]}
[2026-04-22 01:23:50] [INFO] PedidoStatusController - REQUISIÇÃO | {"method":"GET","id":"7","input":[]}
[2026-04-22 01:23:55] [INFO] PedidoStatusController - REQUISIÇÃO | {"method":"POST","id":null,"input":{"id_pedido":"7","id_status":1,"data":"2026-04-21","observacao":""}}
[2026-04-22 01:23:55] [INFO] PedidoStatusController - REQUISIÇÃO | {"method":"GET","id":"77","input":[]}
[2026-04-22 01:23:55] [INFO] PedidoStatusController - REQUISIÇÃO | {"method":"GET","id":"72","input":[]}
[2026-04-22 01:23:55] [INFO] PedidoStatusController - REQUISIÇÃO | {"method":"GET","id":"35","input":[]}
[2026-04-22 01:23:55] [INFO] PedidoStatusController - REQUISIÇÃO | {"method":"GET","id":"10","input":[]}
[2026-04-22 01:23:55] [INFO] PedidoStatusController - REQUISIÇÃO | {"method":"GET","id":"8","input":[]}
[2026-04-22 01:23:55] [INFO] PedidoStatusController - REQUISIÇÃO | {"method":"GET","id":"7","input":[]}
[2026-04-22 01:25:24] [INFO] PedidoStatusController - REQUISIÇÃO | {"method":"GET","id":"77","input":[]}
[2026-04-22 01:25:24] [INFO] PedidoStatusController - REQUISIÇÃO | {"method":"GET","id":"72","input":[]}
[2026-04-22 01:25:24] [INFO] PedidoStatusController - REQUISIÇÃO | {"method":"GET","id":"35","input":[]}
[2026-04-22 01:25:24] [INFO] PedidoStatusController - REQUISIÇÃO | {"method":"GET","id":"10","input":[]}
[2026-04-22 01:25:24] [INFO] PedidoStatusController - REQUISIÇÃO | {"method":"GET","id":"8","input":[]}
[2026-04-22 01:25:24] [INFO] PedidoStatusController - REQUISIÇÃO | {"method":"GET","id":"7","input":[]}
[2026-04-22 01:25:28] [INFO] PedidoStatusController - REQUISIÇÃO | {"method":"POST","id":null,"input":{"id_pedido":"7","id_status":1,"data":"2026-04-21","observacao":""}}
[2026-04-22 01:25:28] [INFO] PedidoStatusController - REQUISIÇÃO | {"method":"GET","id":"77","input":[]}
[2026-04-22 01:25:28] [INFO] PedidoStatusController - REQUISIÇÃO | {"method":"GET","id":"72","input":[]}
[2026-04-22 01:25:28] [INFO] PedidoStatusController - REQUISIÇÃO | {"method":"GET","id":"35","input":[]}
[2026-04-22 01:25:28] [INFO] PedidoStatusController - REQUISIÇÃO | {"method":"GET","id":"10","input":[]}
[2026-04-22 01:25:28] [INFO] PedidoStatusController - REQUISIÇÃO | {"method":"GET","id":"8","input":[]}
[2026-04-22 01:25:28] [INFO] PedidoStatusController - REQUISIÇÃO | {"method":"GET","id":"7","input":[]}
[2026-04-22 01:27:35] [INFO] PedidoStatusController - REQUISIÇÃO | {"method":"GET","id":"77","input":[]}
[2026-04-22 01:27:35] [INFO] PedidoStatusController - REQUISIÇÃO | {"method":"GET","id":"72","input":[]}
[2026-04-22 01:27:35] [INFO] PedidoStatusController - REQUISIÇÃO | {"method":"GET","id":"35","input":[]}
[2026-04-22 01:27:35] [INFO] PedidoStatusController - REQUISIÇÃO | {"method":"GET","id":"10","input":[]}
[2026-04-22 01:27:35] [INFO] PedidoStatusController - REQUISIÇÃO | {"method":"GET","id":"8","input":[]}
[2026-04-22 01:27:35] [INFO] PedidoStatusController - REQUISIÇÃO | {"method":"GET","id":"7","input":[]}
[2026-04-22 01:27:40] [INFO] PedidoStatusController - REQUISIÇÃO | {"method":"POST","id":null,"input":{"id_pedido":"7","id_status":1,"data":"2026-04-21","observacao":""}}
[2026-04-22 01:27:40] [INFO] PedidoStatusController - REQUISIÇÃO | {"method":"GET","id":"77","input":[]}
[2026-04-22 01:27:40] [INFO] PedidoStatusController - REQUISIÇÃO | {"method":"GET","id":"72","input":[]}
[2026-04-22 01:27:41] [INFO] PedidoStatusController - REQUISIÇÃO | {"method":"GET","id":"35","input":[]}
[2026-04-22 01:27:41] [INFO] PedidoStatusController - REQUISIÇÃO | {"method":"GET","id":"10","input":[]}
[2026-04-22 01:27:41] [INFO] PedidoStatusController - REQUISIÇÃO | {"method":"GET","id":"8","input":[]}
[2026-04-22 01:27:41] [INFO] PedidoStatusController - REQUISIÇÃO | {"method":"GET","id":"7","input":[]}
[2026-04-22 01:29:48] [INFO] PedidoStatusController - REQUISIÇÃO | {"method":"GET","id":"77","input":[]}
[2026-04-22 01:29:48] [INFO] PedidoStatusController - REQUISIÇÃO | {"method":"GET","id":"72","input":[]}
[2026-04-22 01:29:48] [INFO] PedidoStatusController - REQUISIÇÃO | {"method":"GET","id":"35","input":[]}
[2026-04-22 01:29:48] [INFO] PedidoStatusController - REQUISIÇÃO | {"method":"GET","id":"10","input":[]}
[2026-04-22 01:29:48] [INFO] PedidoStatusController - REQUISIÇÃO | {"method":"GET","id":"8","input":[]}
[2026-04-22 01:29:48] [INFO] PedidoStatusController - REQUISIÇÃO | {"method":"GET","id":"7","input":[]}
[2026-04-22 01:39:36] [INFO] PedidoStatusController - REQUISIÇÃO | {"method":"GET","id":"77","input":[]}
[2026-04-22 01:39:36] [INFO] PedidoStatusController - REQUISIÇÃO | {"method":"GET","id":"72","input":[]}
[2026-04-22 01:39:36] [INFO] PedidoStatusController - REQUISIÇÃO | {"method":"GET","id":"35","input":[]}
[2026-04-22 01:39:36] [INFO] PedidoStatusController - REQUISIÇÃO | {"method":"GET","id":"10","input":[]}
[2026-04-22 01:39:36] [INFO] PedidoStatusController - REQUISIÇÃO | {"method":"GET","id":"8","input":[]}
[2026-04-22 01:39:36] [INFO] PedidoStatusController - REQUISIÇÃO | {"method":"GET","id":"7","input":[]}
[2026-04-22 01:39:42] [INFO] PedidoStatusController - REQUISIÇÃO | {"method":"PUT","id":"2","input":{"id_status":1,"data":"2026-03-13","observacao":"Verificar no sistema cores e padrões escolhidos pelo Cliente.s"}}
[2026-04-22 01:39:42] [INFO] STATUS ATUALIZADO | {"id":"2","payload":{"id_status":1,"data":"2026-03-13","observacao":"Verificar no sistema cores e padrões escolhidos pelo Cliente.s"},"resultado":true}
[2026-04-22 01:39:42] [INFO] PedidoStatusController - REQUISIÇÃO | {"method":"GET","id":"77","input":[]}
[2026-04-22 01:39:42] [INFO] PedidoStatusController - REQUISIÇÃO | {"method":"GET","id":"72","input":[]}
[2026-04-22 01:39:43] [INFO] PedidoStatusController - REQUISIÇÃO | {"method":"GET","id":"35","input":[]}
[2026-04-22 01:39:43] [INFO] PedidoStatusController - REQUISIÇÃO | {"method":"GET","id":"10","input":[]}
[2026-04-22 01:39:43] [INFO] PedidoStatusController - REQUISIÇÃO | {"method":"GET","id":"8","input":[]}
[2026-04-22 01:39:43] [INFO] PedidoStatusController - REQUISIÇÃO | {"method":"GET","id":"7","input":[]}
[2026-04-22 01:39:48] [INFO] PedidoStatusController - REQUISIÇÃO | {"method":"PUT","id":"2","input":{"id_status":1,"data":"2026-03-13","observacao":"Verificar no sistema cores e padrões escolhidos pelo Cliente."}}
[2026-04-22 01:39:48] [INFO] STATUS ATUALIZADO | {"id":"2","payload":{"id_status":1,"data":"2026-03-13","observacao":"Verificar no sistema cores e padrões escolhidos pelo Cliente."},"resultado":true}
[2026-04-22 01:39:48] [INFO] PedidoStatusController - REQUISIÇÃO | {"method":"GET","id":"77","input":[]}
[2026-04-22 01:39:48] [INFO] PedidoStatusController - REQUISIÇÃO | {"method":"GET","id":"72","input":[]}
[2026-04-22 01:39:48] [INFO] PedidoStatusController - REQUISIÇÃO | {"method":"GET","id":"35","input":[]}
[2026-04-22 01:39:48] [INFO] PedidoStatusController - REQUISIÇÃO | {"method":"GET","id":"10","input":[]}
[2026-04-22 01:39:48] [INFO] PedidoStatusController - REQUISIÇÃO | {"method":"GET","id":"8","input":[]}
[2026-04-22 01:39:48] [INFO] PedidoStatusController - REQUISIÇÃO | {"method":"GET","id":"7","input":[]}
[2026-04-22 01:40:31] [INFO] PedidoStatusController - REQUISIÇÃO | {"method":"POST","id":null,"input":{"id_pedido":"7","id_status":1,"data":"2026-04-21","observacao":""}}
[2026-04-22 01:40:31] [INFO] PedidoStatusController - REQUISIÇÃO | {"method":"GET","id":"77","input":[]}
[2026-04-22 01:40:31] [INFO] PedidoStatusController - REQUISIÇÃO | {"method":"GET","id":"72","input":[]}
[2026-04-22 01:40:31] [INFO] PedidoStatusController - REQUISIÇÃO | {"method":"GET","id":"35","input":[]}
[2026-04-22 01:40:31] [INFO] PedidoStatusController - REQUISIÇÃO | {"method":"GET","id":"10","input":[]}
[2026-04-22 01:40:31] [INFO] PedidoStatusController - REQUISIÇÃO | {"method":"GET","id":"8","input":[]}
[2026-04-22 01:40:31] [INFO] PedidoStatusController - REQUISIÇÃO | {"method":"GET","id":"7","input":[]}
[2026-04-22 01:43:33] [INFO] PedidoStatusController - REQUISIÇÃO | {"method":"GET","id":"77","input":[]}
[2026-04-22 01:43:33] [INFO] PedidoStatusController - REQUISIÇÃO | {"method":"GET","id":"72","input":[]}
[2026-04-22 01:43:33] [INFO] PedidoStatusController - REQUISIÇÃO | {"method":"GET","id":"35","input":[]}
[2026-04-22 01:43:33] [INFO] PedidoStatusController - REQUISIÇÃO | {"method":"GET","id":"10","input":[]}
[2026-04-22 01:43:33] [INFO] PedidoStatusController - REQUISIÇÃO | {"method":"GET","id":"8","input":[]}
[2026-04-22 01:43:33] [INFO] PedidoStatusController - REQUISIÇÃO | {"method":"GET","id":"7","input":[]}
[2026-04-22 01:43:39] [INFO] PedidoStatusController - REQUISIÇÃO | {"method":"PUT","id":"2","input":{"id_status":1,"data":"2026-03-13","observacao":"Verificar no sistema cores e padrões escolhidos pelo Cliente.ssss"}}
[2026-04-22 01:43:39] [INFO] STATUS ATUALIZADO | {"id":"2","payload":{"id_status":1,"data":"2026-03-13","observacao":"Verificar no sistema cores e padrões escolhidos pelo Cliente.ssss"},"resultado":true}
[2026-04-22 01:43:39] [INFO] PedidoStatusController - REQUISIÇÃO | {"method":"GET","id":"77","input":[]}
[2026-04-22 01:43:39] [INFO] PedidoStatusController - REQUISIÇÃO | {"method":"GET","id":"72","input":[]}
[2026-04-22 01:43:39] [INFO] PedidoStatusController - REQUISIÇÃO | {"method":"GET","id":"35","input":[]}
[2026-04-22 01:43:39] [INFO] PedidoStatusController - REQUISIÇÃO | {"method":"GET","id":"10","input":[]}
[2026-04-22 01:43:39] [INFO] PedidoStatusController - REQUISIÇÃO | {"method":"GET","id":"8","input":[]}
[2026-04-22 01:43:39] [INFO] PedidoStatusController - REQUISIÇÃO | {"method":"GET","id":"7","input":[]}
[2026-04-22 01:45:08] [INFO] PedidoStatusController - REQUISIÇÃO | {"method":"GET","id":"77","input":[]}
[2026-04-22 01:45:08] [INFO] PedidoStatusController - REQUISIÇÃO | {"method":"GET","id":"72","input":[]}
[2026-04-22 01:45:08] [INFO] PedidoStatusController - REQUISIÇÃO | {"method":"GET","id":"35","input":[]}
[2026-04-22 01:45:08] [INFO] PedidoStatusController - REQUISIÇÃO | {"method":"GET","id":"10","input":[]}
[2026-04-22 01:45:08] [INFO] PedidoStatusController - REQUISIÇÃO | {"method":"GET","id":"8","input":[]}
[2026-04-22 01:45:08] [INFO] PedidoStatusController - REQUISIÇÃO | {"method":"GET","id":"7","input":[]}
[2026-04-22 01:45:20] [INFO] PedidoStatusController - REQUISIÇÃO | {"method":"POST","id":null,"input":{"id_pedido":"7","id_status":1,"data":"2026-04-21","observacao":""}}
[2026-04-22 01:45:20] [INFO] PedidoStatusController - REQUISIÇÃO | {"method":"GET","id":"77","input":[]}
[2026-04-22 01:45:20] [INFO] PedidoStatusController - REQUISIÇÃO | {"method":"GET","id":"72","input":[]}
[2026-04-22 01:45:20] [INFO] PedidoStatusController - REQUISIÇÃO | {"method":"GET","id":"35","input":[]}
[2026-04-22 01:45:20] [INFO] PedidoStatusController - REQUISIÇÃO | {"method":"GET","id":"10","input":[]}
[2026-04-22 01:45:20] [INFO] PedidoStatusController - REQUISIÇÃO | {"method":"GET","id":"8","input":[]}
[2026-04-22 01:45:20] [INFO] PedidoStatusController - REQUISIÇÃO | {"method":"GET","id":"7","input":[]}
[2026-04-22 01:45:29] [INFO] PedidoStatusController - REQUISIÇÃO | {"method":"GET","id":"77","input":[]}
[2026-04-22 01:45:29] [INFO] PedidoStatusController - REQUISIÇÃO | {"method":"GET","id":"72","input":[]}
[2026-04-22 01:45:29] [INFO] PedidoStatusController - REQUISIÇÃO | {"method":"GET","id":"35","input":[]}
[2026-04-22 01:45:29] [INFO] PedidoStatusController - REQUISIÇÃO | {"method":"GET","id":"10","input":[]}
[2026-04-22 01:45:29] [INFO] PedidoStatusController - REQUISIÇÃO | {"method":"GET","id":"8","input":[]}
[2026-04-22 01:45:29] [INFO] PedidoStatusController - REQUISIÇÃO | {"method":"GET","id":"7","input":[]}
[2026-04-22 01:50:29] [INFO] PedidoStatusController - REQUISIÇÃO | {"method":"GET","id":"77","input":[]}
[2026-04-22 01:50:29] [INFO] PedidoStatusController - REQUISIÇÃO | {"method":"GET","id":"72","input":[]}
[2026-04-22 01:50:29] [INFO] PedidoStatusController - REQUISIÇÃO | {"method":"GET","id":"35","input":[]}
[2026-04-22 01:50:29] [INFO] PedidoStatusController - REQUISIÇÃO | {"method":"GET","id":"10","input":[]}
[2026-04-22 01:50:29] [INFO] PedidoStatusController - REQUISIÇÃO | {"method":"GET","id":"8","input":[]}
[2026-04-22 01:50:29] [INFO] PedidoStatusController - REQUISIÇÃO | {"method":"GET","id":"7","input":[]}
[2026-04-22 01:50:35] [INFO] PedidoStatusController - REQUISIÇÃO | {"method":"POST","id":null,"input":{"id_pedido":"7","id_status":1,"data":"2026-04-21","observacao":"dsadsadsd"}}
[2026-04-22 01:50:35] [INFO] PedidoStatusController - REQUISIÇÃO | {"method":"GET","id":"77","input":[]}
[2026-04-22 01:50:35] [INFO] PedidoStatusController - REQUISIÇÃO | {"method":"GET","id":"72","input":[]}
[2026-04-22 01:50:35] [INFO] PedidoStatusController - REQUISIÇÃO | {"method":"GET","id":"35","input":[]}
[2026-04-22 01:50:35] [INFO] PedidoStatusController - REQUISIÇÃO | {"method":"GET","id":"10","input":[]}
[2026-04-22 01:50:35] [INFO] PedidoStatusController - REQUISIÇÃO | {"method":"GET","id":"8","input":[]}
[2026-04-22 01:50:35] [INFO] PedidoStatusController - REQUISIÇÃO | {"method":"GET","id":"7","input":[]}
[2026-04-22 02:12:38] [INFO] PedidoStatusController - REQUISIÇÃO | {"method":"GET","id":"77","input":[]}
[2026-04-22 02:12:39] [INFO] PedidoStatusController - REQUISIÇÃO | {"method":"GET","id":"72","input":[]}
[2026-04-22 02:12:39] [INFO] PedidoStatusController - REQUISIÇÃO | {"method":"GET","id":"35","input":[]}
[2026-04-22 02:12:39] [INFO] PedidoStatusController - REQUISIÇÃO | {"method":"GET","id":"10","input":[]}
[2026-04-22 02:12:39] [INFO] PedidoStatusController - REQUISIÇÃO | {"method":"GET","id":"8","input":[]}
[2026-04-22 02:12:39] [INFO] PedidoStatusController - REQUISIÇÃO | {"method":"GET","id":"7","input":[]}
[2026-04-22 02:12:52] [INFO] PedidoStatusController - REQUISIÇÃO | {"method":"GET","id":"77","input":[]}
[2026-04-22 02:12:52] [INFO] PedidoStatusController - REQUISIÇÃO | {"method":"GET","id":"72","input":[]}
[2026-04-22 02:12:52] [INFO] PedidoStatusController - REQUISIÇÃO | {"method":"GET","id":"35","input":[]}
[2026-04-22 02:12:52] [INFO] PedidoStatusController - REQUISIÇÃO | {"method":"GET","id":"10","input":[]}
[2026-04-22 02:12:52] [INFO] PedidoStatusController - REQUISIÇÃO | {"method":"GET","id":"8","input":[]}
[2026-04-22 02:12:52] [INFO] PedidoStatusController - REQUISIÇÃO | {"method":"GET","id":"7","input":[]}
[2026-04-22 02:13:28] [INFO] PedidoStatusController - REQUISIÇÃO | {"method":"GET","id":"77","input":[]}
[2026-04-22 02:13:29] [INFO] PedidoStatusController - REQUISIÇÃO | {"method":"GET","id":"72","input":[]}
[2026-04-22 02:13:29] [INFO] PedidoStatusController - REQUISIÇÃO | {"method":"GET","id":"35","input":[]}
[2026-04-22 02:13:29] [INFO] PedidoStatusController - REQUISIÇÃO | {"method":"GET","id":"10","input":[]}
[2026-04-22 02:13:29] [INFO] PedidoStatusController - REQUISIÇÃO | {"method":"GET","id":"8","input":[]}
[2026-04-22 02:13:29] [INFO] PedidoStatusController - REQUISIÇÃO | {"method":"GET","id":"7","input":[]}
[2026-04-22 02:13:38] [INFO] PedidoStatusController - REQUISIÇÃO | {"method":"GET","id":"77","input":[]}
[2026-04-22 02:13:38] [INFO] PedidoStatusController - REQUISIÇÃO | {"method":"GET","id":"72","input":[]}
[2026-04-22 02:13:38] [INFO] PedidoStatusController - REQUISIÇÃO | {"method":"GET","id":"35","input":[]}
[2026-04-22 02:13:38] [INFO] PedidoStatusController - REQUISIÇÃO | {"method":"GET","id":"10","input":[]}
[2026-04-22 02:13:38] [INFO] PedidoStatusController - REQUISIÇÃO | {"method":"GET","id":"8","input":[]}
[2026-04-22 02:13:38] [INFO] PedidoStatusController - REQUISIÇÃO | {"method":"GET","id":"7","input":[]}
[2026-04-22 02:14:04] [INFO] PedidoStatusController - REQUISIÇÃO | {"method":"GET","id":"77","input":[]}
[2026-04-22 02:14:04] [INFO] PedidoStatusController - REQUISIÇÃO | {"method":"GET","id":"72","input":[]}
[2026-04-22 02:14:04] [INFO] PedidoStatusController - REQUISIÇÃO | {"method":"GET","id":"35","input":[]}
[2026-04-22 02:14:04] [INFO] PedidoStatusController - REQUISIÇÃO | {"method":"GET","id":"10","input":[]}
[2026-04-22 02:14:04] [INFO] PedidoStatusController - REQUISIÇÃO | {"method":"GET","id":"8","input":[]}
[2026-04-22 02:14:04] [INFO] PedidoStatusController - REQUISIÇÃO | {"method":"GET","id":"7","input":[]}
[2026-04-22 02:14:24] [INFO] PedidoStatusController - REQUISIÇÃO | {"method":"GET","id":"77","input":[]}
[2026-04-22 02:14:24] [INFO] PedidoStatusController - REQUISIÇÃO | {"method":"GET","id":"72","input":[]}
[2026-04-22 02:14:24] [INFO] PedidoStatusController - REQUISIÇÃO | {"method":"GET","id":"35","input":[]}
[2026-04-22 02:14:24] [INFO] PedidoStatusController - REQUISIÇÃO | {"method":"GET","id":"10","input":[]}
[2026-04-22 02:14:24] [INFO] PedidoStatusController - REQUISIÇÃO | {"method":"GET","id":"8","input":[]}
[2026-04-22 02:14:24] [INFO] PedidoStatusController - REQUISIÇÃO | {"method":"GET","id":"7","input":[]}
[2026-04-22 02:14:37] [INFO] PedidoStatusController - REQUISIÇÃO | {"method":"GET","id":"77","input":[]}
[2026-04-22 02:14:37] [INFO] PedidoStatusController - REQUISIÇÃO | {"method":"GET","id":"72","input":[]}
[2026-04-22 02:14:37] [INFO] PedidoStatusController - REQUISIÇÃO | {"method":"GET","id":"35","input":[]}
[2026-04-22 02:14:37] [INFO] PedidoStatusController - REQUISIÇÃO | {"method":"GET","id":"10","input":[]}
[2026-04-22 02:14:37] [INFO] PedidoStatusController - REQUISIÇÃO | {"method":"GET","id":"8","input":[]}
[2026-04-22 02:14:37] [INFO] PedidoStatusController - REQUISIÇÃO | {"method":"GET","id":"7","input":[]}
[2026-04-22 02:14:53] [INFO] PedidoStatusController - REQUISIÇÃO | {"method":"GET","id":"77","input":[]}
[2026-04-22 02:14:53] [INFO] PedidoStatusController - REQUISIÇÃO | {"method":"GET","id":"72","input":[]}
[2026-04-22 02:14:53] [INFO] PedidoStatusController - REQUISIÇÃO | {"method":"GET","id":"35","input":[]}
[2026-04-22 02:14:53] [INFO] PedidoStatusController - REQUISIÇÃO | {"method":"GET","id":"10","input":[]}
[2026-04-22 02:14:53] [INFO] PedidoStatusController - REQUISIÇÃO | {"method":"GET","id":"8","input":[]}
[2026-04-22 02:14:53] [INFO] PedidoStatusController - REQUISIÇÃO | {"method":"GET","id":"7","input":[]}
[2026-04-22 02:15:05] [INFO] PedidoStatusController - REQUISIÇÃO | {"method":"GET","id":"77","input":[]}
[2026-04-22 02:15:05] [INFO] PedidoStatusController - REQUISIÇÃO | {"method":"GET","id":"72","input":[]}
[2026-04-22 02:15:05] [INFO] PedidoStatusController - REQUISIÇÃO | {"method":"GET","id":"35","input":[]}
[2026-04-22 02:15:05] [INFO] PedidoStatusController - REQUISIÇÃO | {"method":"GET","id":"10","input":[]}
[2026-04-22 02:15:05] [INFO] PedidoStatusController - REQUISIÇÃO | {"method":"GET","id":"8","input":[]}
[2026-04-22 02:15:05] [INFO] PedidoStatusController - REQUISIÇÃO | {"method":"GET","id":"7","input":[]}
[2026-04-22 02:15:18] [INFO] PedidoStatusController - REQUISIÇÃO | {"method":"GET","id":"77","input":[]}
[2026-04-22 02:15:18] [INFO] PedidoStatusController - REQUISIÇÃO | {"method":"GET","id":"72","input":[]}
[2026-04-22 02:15:18] [INFO] PedidoStatusController - REQUISIÇÃO | {"method":"GET","id":"35","input":[]}
[2026-04-22 02:15:18] [INFO] PedidoStatusController - REQUISIÇÃO | {"method":"GET","id":"10","input":[]}
[2026-04-22 02:15:18] [INFO] PedidoStatusController - REQUISIÇÃO | {"method":"GET","id":"8","input":[]}
[2026-04-22 02:15:18] [INFO] PedidoStatusController - REQUISIÇÃO | {"method":"GET","id":"7","input":[]}
